// Jest Snapshot v1, https://goo.gl/fbAQLP

exports[`PlaceholderLoading component matches snapshot 1`] = `
<DocumentFragment>
  <div
    class="placeholder-loading undefined"
  >
    <div
      class="placeholder-loading__item undefined"
      style="min-height: 1.5rem;"
    />
    <div
      class="placeholder-loading__item undefined"
      style="min-height: 1.5rem;"
    />
    <div
      class="placeholder-loading__item undefined"
      style="min-height: 1.5rem;"
    />
  </div>
</DocumentFragment>
`;
